No solution.
Alice is green.Yazid is red.Bob is blue.
Bob is blue.Yazid is green.Alice is red.
Bob is red.Yazid is blue.Alice is green.
Alice is green.Yazid is blue.Bob is red.
Alice is red.Bob is blue.Yazid is green.
Bob is green.Alice is blue.Yazid is red.
No solution.
No solution.
No solution.
No solution.
Alice is blue.Bob is green.Yazid is red.
Alice is blue.Bob is green.Yazid is red.
No solution.
No solution.
Alice is blue.Bob is red.Yazid is green.
No solution.
No solution.
No solution.
Alice is green.Bob is red.Yazid is blue.
Yazid is red.Alice is blue.Bob is green.
Bob is green.Alice is blue.Yazid is red.
Yazid is green.Alice is red.Bob is blue.
Bob is blue.Yazid is green.Alice is red.
Alice is red.Bob is green.Yazid is blue.
No solution.
Yazid is red.Bob is green.Alice is blue.
Alice is blue.Bob is green.Yazid is red.
No solution.
No solution.
No solution.
No solution.
No solution.
Bob is green.Alice is red.Yazid is blue.
No solution.
Alice is blue.Yazid is green.Bob is red.
No solution.
Alice is red.Yazid is green.Bob is blue.
Alice is blue.Bob is green.Yazid is red.
Alice is blue.Bob is red.Yazid is green.
Alice is green.Bob is blue.Yazid is red.
Alice is red.Bob is green.Yazid is blue.
No solution.
No solution.
Bob is blue.Alice is green.Yazid is red.
No solution.
No solution.
Alice is blue.Yazid is green.Bob is red.
No solution.
No solution.
Bob is blue.Yazid is green.Alice is red.
Alice is blue.Bob is red.Yazid is green.
Alice is green.Yazid is red.Bob is blue.
Alice is green.Yazid is red.Bob is blue.
Bob is blue.Alice is green.Yazid is red.
Bob is blue.Yazid is green.Alice is red.
No solution.
No solution.
Bob is blue.Alice is green.Yazid is red.
No solution.
Alice is blue.Bob is green.Yazid is red.
Yazid is green.Alice is red.Bob is blue.
Alice is blue.Bob is green.Yazid is red.
Alice is blue.Bob is red.Yazid is green.
No solution.
No solution.
Bob is blue.Alice is green.Yazid is red.
Alice is blue.Yazid is green.Bob is red.
Alice is green.Yazid is blue.Bob is red.
No solution.
No solution.
No solution.
Yazid is green.Bob is red.Alice is blue.
Alice is green.Bob is blue.Yazid is red.
No solution.
Bob is blue.Alice is red.Yazid is green.
Alice is blue.Bob is green.Yazid is red.
No solution.
No solution.
No solution.
No solution.
No solution.
Alice is blue.Yazid is green.Bob is red.
Alice is blue.Bob is green.Yazid is red.
No solution.
No solution.
No solution.
Yazid is blue.Alice is green.Bob is red.
No solution.
Yazid is blue.Bob is red.Alice is green.
Alice is green.Yazid is red.Bob is blue.
No solution.
Bob is blue.Yazid is green.Alice is red.
No solution.
No solution.
No solution.
Bob is green.Alice is blue.Yazid is red.
No solution.
No solution.
Bob is blue.Yazid is green.Alice is red.
No solution.
No solution.
No solution.
Bob is green.Yazid is red.Alice is blue.
Yazid is blue.Alice is green.Bob is red.
No solution.
Alice is blue.Bob is red.Yazid is green.
Bob is green.Alice is blue.Yazid is red.
No solution.
Alice is blue.Bob is red.Yazid is green.
No solution.
No solution.
No solution.
Yazid is green.Bob is blue.Alice is red.
Alice is blue.Bob is green.Yazid is red.
Alice is red.Bob is green.Yazid is blue.
No solution.
No solution.
No solution.
No solution.
No solution.
No solution.
No solution.
Alice is blue.Yazid is green.Bob is red.
No solution.
No solution.
Alice is blue.Bob is green.Yazid is red.
Bob is green.Yazid is blue.Alice is red.
No solution.
Alice is green.Bob is blue.Yazid is red.
Alice is blue.Bob is red.Yazid is green.
No solution.
Yazid is red.Alice is blue.Bob is green.
Yazid is blue.Bob is red.Alice is green.
No solution.
No solution.
No solution.
No solution.
No solution.
No solution.
Alice is blue.Bob is green.Yazid is red.
No solution.
Bob is red.Yazid is blue.Alice is green.
No solution.
Bob is blue.Alice is red.Yazid is green.
Alice is green.Bob is blue.Yazid is red.
Alice is blue.Bob is red.Yazid is green.
No solution.
No solution.
No solution.
No solution.
Bob is blue.Yazid is green.Alice is red.
No solution.
No solution.
No solution.
Alice is green.Bob is red.Yazid is blue.
No solution.
No solution.
Bob is blue.Alice is green.Yazid is red.
Bob is blue.Alice is red.Yazid is green.
Alice is blue.Yazid is red.Bob is green.
Alice is blue.Bob is red.Yazid is green.
No solution.
No solution.
No solution.
No solution.
Bob is blue.Alice is green.Yazid is red.
Alice is red.Yazid is blue.Bob is green.
Yazid is green.Bob is red.Alice is blue.
No solution.
No solution.
No solution.
Bob is blue.Alice is red.Yazid is green.
No solution.
No solution.
No solution.
No solution.
Alice is blue.Bob is green.Yazid is red.
Yazid is green.Alice is blue.Bob is red.
No solution.
Yazid is green.Bob is red.Alice is blue.
No solution.
Alice is blue.Bob is green.Yazid is red.
Alice is blue.Bob is green.Yazid is red.
No solution.
Alice is blue.Bob is red.Yazid is green.
No solution.
Alice is blue.Yazid is green.Bob is red.
Bob is blue.Alice is green.Yazid is red.
Bob is red.Alice is green.Yazid is blue.
No solution.
No solution.
No solution.
Alice is green.Yazid is blue.Bob is red.
Yazid is blue.Alice is green.Bob is red.
Bob is blue.Alice is red.Yazid is green.
No solution.
Alice is green.Bob is blue.Yazid is red.
Alice is green.Bob is blue.Yazid is red.
Alice is blue.Yazid is green.Bob is red.
Alice is green.Yazid is blue.Bob is red.
No solution.
No solution.
No solution.
No solution.
No solution.
Alice is green.Bob is blue.Yazid is red.
No solution.
Alice is blue.Bob is green.Yazid is red.
No solution.
Alice is blue.Yazid is red.Bob is green.
Alice is blue.Yazid is red.Bob is green.
Bob is blue.Yazid is red.Alice is green.
No solution.
No solution.
Bob is blue.Yazid is red.Alice is green.
Bob is blue.Alice is green.Yazid is red.
No solution.
No solution.
Bob is blue.Alice is red.Yazid is green.
Alice is green.Bob is blue.Yazid is red.
No solution.
No solution.
No solution.
Alice is red.Bob is blue.Yazid is green.
Yazid is blue.Alice is green.Bob is red.
Alice is red.Yazid is green.Bob is blue.
Alice is blue.Bob is green.Yazid is red.
No solution.
Alice is green.Yazid is blue.Bob is red.
Yazid is red.Bob is green.Alice is blue.
No solution.
No solution.
No solution.
Alice is blue.Yazid is green.Bob is red.
Bob is blue.Yazid is green.Alice is red.
No solution.
Alice is blue.Bob is green.Yazid is red.
No solution.
No solution.
Alice is green.Bob is blue.Yazid is red.
No solution.
Bob is blue.Yazid is green.Alice is red.
No solution.
No solution.
Bob is green.Yazid is blue.Alice is red.
No solution.
Alice is blue.Yazid is green.Bob is red.
No solution.
No solution.
Alice is blue.Bob is green.Yazid is red.
No solution.
Alice is blue.Bob is green.Yazid is red.
No solution.
No solution.
Yazid is blue.Alice is red.Bob is green.
Bob is blue.Yazid is red.Alice is green.
No solution.
No solution.
No solution.
No solution.
Alice is green.Bob is blue.Yazid is red.
No solution.
No solution.
Alice is blue.Bob is green.Yazid is red.
Bob is red.Alice is green.Yazid is blue.
No solution.
Yazid is blue.Bob is green.Alice is red.
No solution.
Alice is blue.Bob is red.Yazid is green.
No solution.
No solution.
Bob is blue.Yazid is red.Alice is green.
Alice is green.Bob is red.Yazid is blue.
No solution.
No solution.
Alice is blue.Bob is green.Yazid is red.
Yazid is blue.Alice is red.Bob is green.
No solution.
Alice is blue.Bob is red.Yazid is green.
Bob is blue.Yazid is red.Alice is green.
No solution.
No solution.
Yazid is blue.Alice is green.Bob is red.
No solution.
Alice is blue.Bob is red.Yazid is green.
Alice is red.Bob is blue.Yazid is green.
Yazid is red.Bob is blue.Alice is green.
No solution.
No solution.
No solution.
No solution.
Alice is blue.Yazid is green.Bob is red.
No solution.
Alice is green.Bob is blue.Yazid is red.
Bob is blue.Alice is red.Yazid is green.
No solution.
Yazid is blue.Bob is green.Alice is red.
No solution.
No solution.
No solution.
No solution.
Alice is green.Yazid is red.Bob is blue.
No solution.
No solution.
No solution.
No solution.
Alice is green.Yazid is red.Bob is blue.
No solution.
Alice is green.Bob is blue.Yazid is red.
Alice is blue.Bob is red.Yazid is green.
Bob is blue.Alice is green.Yazid is red.
Alice is blue.Yazid is green.Bob is red.
No solution.
Alice is red.Bob is green.Yazid is blue.
No solution.
Alice is blue.Yazid is red.Bob is green.
No solution.
Bob is red.Yazid is green.Alice is blue.
No solution.
No solution.
No solution.
No solution.
No solution.
No solution.
Alice is green.Bob is blue.Yazid is red.
Bob is red.Alice is green.Yazid is blue.
No solution.
No solution.
Alice is blue.Yazid is green.Bob is red.
Alice is blue.Bob is green.Yazid is red.
No solution.
No solution.
Alice is red.Yazid is green.Bob is blue.
Yazid is blue.Alice is green.Bob is red.
No solution.
Bob is green.Alice is blue.Yazid is red.
Alice is red.Bob is green.Yazid is blue.
No solution.
Bob is blue.Alice is red.Yazid is green.
Bob is red.Alice is green.Yazid is blue.
No solution.
Alice is red.Bob is blue.Yazid is green.
No solution.
No solution.
Alice is blue.Bob is green.Yazid is red.
No solution.
Yazid is blue.Alice is green.Bob is red.
No solution.
No solution.
Alice is blue.Bob is green.Yazid is red.
No solution.
Yazid is green.Bob is blue.Alice is red.
No solution.
Alice is red.Yazid is blue.Bob is green.
Bob is green.Yazid is red.Alice is blue.
Alice is blue.Bob is red.Yazid is green.
No solution.
Bob is green.Yazid is blue.Alice is red.
No solution.
No solution.
No solution.
Alice is blue.Bob is red.Yazid is green.
Yazid is red.Bob is blue.Alice is green.
No solution.
No solution.
Alice is blue.Yazid is red.Bob is green.
No solution.
Alice is blue.Bob is green.Yazid is red.
Yazid is blue.Alice is green.Bob is red.
No solution.
Alice is green.Bob is blue.Yazid is red.
No solution.
Alice is green.Bob is red.Yazid is blue.
No solution.
Yazid is red.Alice is blue.Bob is green.
Bob is blue.Alice is green.Yazid is red.
No solution.
No solution.
Bob is red.Alice is green.Yazid is blue.
Alice is blue.Yazid is red.Bob is green.
No solution.
No solution.
Bob is blue.Yazid is red.Alice is green.
No solution.
Bob is green.Alice is blue.Yazid is red.
No solution.
No solution.
No solution.
No solution.
Alice is blue.Bob is green.Yazid is red.
Alice is red.Bob is blue.Yazid is green.
Bob is blue.Alice is red.Yazid is green.
No solution.
No solution.
Alice is blue.Bob is red.Yazid is green.
Bob is green.Alice is blue.Yazid is red.
No solution.
No solution.
Alice is blue.Bob is green.Yazid is red.
No solution.
No solution.
Alice is green.Yazid is blue.Bob is red.
Bob is green.Alice is blue.Yazid is red.
Alice is red.Bob is blue.Yazid is green.
Alice is blue.Bob is green.Yazid is red.
Alice is blue.Bob is green.Yazid is red.
No solution.
No solution.
Alice is red.Bob is green.Yazid is blue.
Alice is blue.Yazid is red.Bob is green.
No solution.
No solution.
Alice is blue.Bob is red.Yazid is green.
Alice is blue.Bob is red.Yazid is green.
Alice is blue.Yazid is green.Bob is red.
No solution.
Yazid is green.Alice is red.Bob is blue.
Alice is red.Bob is green.Yazid is blue.
No solution.
No solution.
Bob is blue.Yazid is red.Alice is green.
Alice is blue.Yazid is green.Bob is red.
No solution.
Alice is blue.Bob is red.Yazid is green.
Yazid is blue.Bob is green.Alice is red.
No solution.
No solution.
No solution.
Bob is green.Yazid is blue.Alice is red.
No solution.
Alice is red.Bob is green.Yazid is blue.
Alice is blue.Bob is green.Yazid is red.
No solution.
Yazid is green.Alice is blue.Bob is red.
Yazid is red.Alice is blue.Bob is green.
No solution.
No solution.
No solution.
No solution.
Alice is red.Bob is blue.Yazid is green.
No solution.
No solution.
No solution.
Bob is green.Yazid is red.Alice is blue.
Bob is blue.Yazid is red.Alice is green.
Yazid is blue.Alice is red.Bob is green.
Alice is blue.Bob is green.Yazid is red.
No solution.
Alice is green.Yazid is red.Bob is blue.
No solution.
Alice is blue.Bob is red.Yazid is green.
Alice is green.Yazid is blue.Bob is red.
No solution.
No solution.
No solution.
Alice is red.Bob is blue.Yazid is green.
Alice is blue.Yazid is green.Bob is red.
No solution.
Bob is red.Alice is blue.Yazid is green.
No solution.
No solution.
Alice is green.Yazid is red.Bob is blue.
No solution.
No solution.
No solution.
No solution.
Alice is blue.Yazid is green.Bob is red.
No solution.
Alice is blue.Bob is red.Yazid is green.
No solution.
Bob is blue.Alice is red.Yazid is green.
Alice is blue.Yazid is red.Bob is green.
Alice is blue.Bob is green.Yazid is red.
Alice is blue.Bob is red.Yazid is green.
No solution.
Alice is blue.Bob is green.Yazid is red.
Alice is red.Bob is blue.Yazid is green.
No solution.
Alice is green.Yazid is blue.Bob is red.
Alice is blue.Bob is green.Yazid is red.
No solution.
Alice is red.Yazid is blue.Bob is green.
Yazid is red.Alice is green.Bob is blue.
Yazid is green.Alice is red.Bob is blue.
Alice is blue.Yazid is red.Bob is green.
No solution.
No solution.
Alice is green.Bob is blue.Yazid is red.
